com.hedera.hashgraph.sdk.TransactionIdTest.shouldSerialize=[
  "0.0.23847@1588539964.632521325"
]